Creating D:\GitHub\AgriVision\venv-nas ...
Upgrading installer tooling ...
Requirement already satisfied: pip<24.1 in d:\github\agrivision\venv-nas\lib\site-packages (22.3.1)
Collecting pip<24.1
  Downloading pip-24.0-py3-none-any.whl (2.1 MB)
     ---------------------------------------- 2.1/2.1 MB 5.2 MB/s eta 0:00:00
Requirement already satisfied: setuptools<70 in d:\github\agrivision\venv-nas\lib\site-packages (65.5.0)
Collecting setuptools<70
  Downloading setuptools-69.5.1-py3-none-any.whl (894 kB)
     -------------------------------------- 894.6/894.6 kB 6.3 MB/s eta 0:00:00
Collecting wheel
  Downloading wheel-0.48.0-py3-none-any.whl (33 kB)
Collecting packaging>=24.0
  Downloading packaging-26.3-py3-none-any.whl (129 kB)
     -------------------------------------- 130.0/130.0 kB 8.0 MB/s eta 0:00:00
Installing collected packages: setuptools, pip, packaging, wheel
  Attempting uninstall: setuptools
    Found existing installation: setuptools 65.5.0
    Uninstalling setuptools-65.5.0:
      Successfully uninstalled setuptools-65.5.0
  Attempting uninstall: pip
    Found existing installation: pip 22.3.1
    Uninstalling pip-22.3.1:
      Successfully uninstalled pip-22.3.1
Successfully installed packaging-26.3 pip-24.0 setuptools-69.5.1 wheel-0.48.0
Installing torch 2.5.1+cu124 ...
Looking in indexes: https://download.pytorch.org/whl/cu124
Collecting torch==2.5.1+cu124
  Downloading https://download-r2.pytorch.org/whl/cu124/torch-2.5.1%2Bcu124-cp310-cp310-win_amd64.whl (2510.7 MB)
     ---------------------------------------- 2.5/2.5 GB 2.3 MB/s eta 0:00:00

Collecting torchvision==0.20.1+cu124
  Downloading https://download-r2.pytorch.org/whl/cu124/torchvision-0.20.1%2Bcu124-cp310-cp310-win_amd64.whl (6.1 MB)
     ---------------------------------------- 6.1/6.1 MB 5.2 MB/s eta 0:00:00

Collecting filelock (from torch==2.5.1+cu124)
  Downloading filelock-3.32.3-py3-none-any.whl.metadata (2.0 kB)
Collecting typing-extensions>=4.8.0 (from torch==2.5.1+cu124)
  Downloading typing_extensions-4.16.0-py3-none-any.whl.metadata (3.3 kB)
Collecting networkx (from torch==2.5.1+cu124)
  Downloading networkx-3.4.2-py3-none-any.whl.metadata (6.3 kB)
Collecting jinja2 (from torch==2.5.1+cu124)
  Downloading https://download.pytorch.org/whl/jinja2-3.1.6-py3-none-any.whl.metadata (2.9 kB)
Collecting fsspec (from torch==2.5.1+cu124)
  Downloading fsspec-2026.7.0-py3-none-any.whl.metadata (10 kB)
Collecting sympy==1.13.1 (from torch==2.5.1+cu124)
  Downloading sympy-1.13.1-py3-none-any.whl.metadata (12 kB)
Collecting numpy (from torchvision==0.20.1+cu124)
  Downloading numpy-2.2.6-cp310-cp310-win_amd64.whl.metadata (60 kB)
     ---------------------------------------- 60.8/60.8 kB 1.1 MB/s eta 0:00:00

Collecting pillow!=8.3.*,>=5.3.0 (from torchvision==0.20.1+cu124)
  Downloading pillow-12.3.0-cp310-cp310-win_amd64.whl.metadata (9.3 kB)
Collecting mpmath<1.4,>=1.1.0 (from sympy==1.13.1->torch==2.5.1+cu124)
  Using cached mpmath-1.3.0-py3-none-any.whl.metadata (8.6 kB)
Collecting MarkupSafe>=2.0 (from jinja2->torch==2.5.1+cu124)
  Downloading https://download.pytorch.org/whl/markupsafe-3.0.3-cp310-cp310-win_amd64.whl.metadata (2.8 kB)
Downloading sympy-1.13.1-py3-none-any.whl (6.2 MB)
   ---------------------------------------- 6.2/6.2 MB 10.1 MB/s eta 0:00:00

Downloading pillow-12.3.0-cp310-cp310-win_amd64.whl (7.2 MB)
   ---------------------------------------- 7.2/7.2 MB 14.9 MB/s eta 0:00:00

Downloading typing_extensions-4.16.0-py3-none-any.whl (45 kB)
   ---------------------------------------- 45.6/45.6 kB ? eta 0:00:00

Downloading filelock-3.32.3-py3-none-any.whl (98 kB)
   ---------------------------------------- 98.9/98.9 kB ? eta 0:00:00

Downloading fsspec-2026.7.0-py3-none-any.whl (206 kB)
   ---------------------------------------- 206.6/206.6 kB 12.3 MB/s eta 0:00:00

Downloading https://download.pytorch.org/whl/jinja2-3.1.6-py3-none-any.whl (134 kB)
   ---------------------------------------- 134.9/134.9 kB 7.8 MB/s eta 0:00:00

Downloading networkx-3.4.2-py3-none-any.whl (1.7 MB)
   ---------------------------------------- 1.7/1.7 MB 10.0 MB/s eta 0:00:00

Downloading numpy-2.2.6-cp310-cp310-win_amd64.whl (12.9 MB)
   ---------------------------------------- 12.9/12.9 MB 11.5 MB/s eta 0:00:00

Downloading https://download.pytorch.org/whl/markupsafe-3.0.3-cp310-cp310-win_amd64.whl (15 kB)
Using cached mpmath-1.3.0-py3-none-any.whl (536 kB)
Installing collected packages: mpmath, typing-extensions, sympy, pillow, numpy, networkx, MarkupSafe, fsspec, filelock, jinja2, torch, torchvision
Successfully installed MarkupSafe-3.0.3 filelock-3.32.3 fsspec-2026.7.0 jinja2-3.1.6 mpmath-1.3.0 networkx-3.4.2 numpy-2.2.6 pillow-12.3.0 sympy-1.13.1 torch-2.5.1+cu124 torchvision-0.20.1+cu124 typing-extensions-4.16.0
Installing super-gradients 3.7.1 ...
Collecting super-gradients==3.7.1
  Downloading super_gradients-3.7.1-py3-none-any.whl.metadata (41 kB)
     --------------------------------------- 41.7/41.7 kB 499.5 kB/s eta 0:00:00

Requirement already satisfied: torch>=1.9.0 in d:\github\agrivision\venv-nas\lib\site-packages (from super-gradients==3.7.1) (2.5.1+cu124)
Collecting tqdm>=4.57.0 (from super-gradients==3.7.1)
  Downloading tqdm-4.70.1-py3-none-any.whl.metadata (57 kB)
     ---------------------------------------- 57.4/57.4 kB 2.9 MB/s eta 0:00:00

Collecting boto3>=1.17.15 (from super-gradients==3.7.1)
  Downloading boto3-1.43.93-py3-none-any.whl.metadata (6.6 kB)
Collecting jsonschema>=3.2.0 (from super-gradients==3.7.1)
  Using cached jsonschema-4.26.0-py3-none-any.whl.metadata (7.6 kB)
Collecting Deprecated>=1.2.11 (from super-gradients==3.7.1)
  Downloading deprecated-1.3.1-py2.py3-none-any.whl.metadata (5.9 kB)
Collecting scipy>=1.6.1 (from super-gradients==3.7.1)
  Downloading scipy-1.15.3-cp310-cp310-win_amd64.whl.metadata (60 kB)
     ---------------------------------------- 60.8/60.8 kB ? eta 0:00:00

Collecting matplotlib>=3.3.4 (from super-gradients==3.7.1)
  Downloading matplotlib-3.10.9-cp310-cp310-win_amd64.whl.metadata (52 kB)
     ---------------------------------------- 52.8/52.8 kB 2.7 MB/s eta 0:00:00

Collecting psutil>=5.8.0 (from super-gradients==3.7.1)
  Using cached psutil-7.2.2-cp37-abi3-win_amd64.whl.metadata (22 kB)
Collecting tensorboard>=2.4.1 (from super-gradients==3.7.1)
  Downloading tensorboard-2.21.0-py3-none-any.whl.metadata (1.8 kB)
Requirement already satisfied: setuptools>=65.5.1 in d:\github\agrivision\venv-nas\lib\site-packages (from super-gradients==3.7.1) (69.5.1)
Collecting coverage~=5.3.1 (from super-gradients==3.7.1)
  Downloading coverage-5.3.1.tar.gz (684 kB)
     --------------------------------------- 684.5/684.5 kB 4.8 MB/s eta 0:00:00

  Preparing metadata (setup.py): started
  Preparing metadata (setup.py): finished with status 'done'
Requirement already satisfied: torchvision>=0.10.0 in d:\github\agrivision\venv-nas\lib\site-packages (from super-gradients==3.7.1) (0.20.1+cu124)
Collecting sphinx~=4.0.2 (from super-gradients==3.7.1)
  Downloading Sphinx-4.0.3-py3-none-any.whl.metadata (8.0 kB)
Collecting sphinx-rtd-theme (from super-gradients==3.7.1)
  Downloading sphinx_rtd_theme-3.1.0-py2.py3-none-any.whl.metadata (4.5 kB)
Collecting torchmetrics==0.8 (from super-gradients==3.7.1)
  Downloading torchmetrics-0.8.0-py3-none-any.whl.metadata (20 kB)
Collecting hydra-core>=1.2.0 (from super-gradients==3.7.1)
  Downloading hydra_core-1.3.6-py3-none-any.whl.metadata (5.7 kB)
Collecting omegaconf (from super-gradients==3.7.1)
  Downloading omegaconf-2.3.1-py3-none-any.whl.metadata (4.5 kB)
Collecting onnxruntime==1.15.0 (from super-gradients==3.7.1)
  Downloading onnxruntime-1.15.0-cp310-cp310-win_amd64.whl.metadata (4.0 kB)
Collecting onnx==1.15.0 (from super-gradients==3.7.1)
  Downloading onnx-1.15.0-cp310-cp310-win_amd64.whl.metadata (15 kB)
Requirement already satisfied: pillow>=10.2.0 in d:\github\agrivision\venv-nas\lib\site-packages (from super-gradients==3.7.1) (12.3.0)
Collecting pip-tools>=6.12.1 (from super-gradients==3.7.1)
  Downloading pip_tools-7.6.1-py3-none-any.whl.metadata (25 kB)
Collecting einops==0.3.2 (from super-gradients==3.7.1)
  Downloading einops-0.3.2-py3-none-any.whl.metadata (10 kB)
Collecting protobuf==3.20.3 (from super-gradients==3.7.1)
  Downloading protobuf-3.20.3-cp310-cp310-win_amd64.whl.metadata (698 bytes)
Collecting treelib==1.6.1 (from super-gradients==3.7.1)
  Downloading treelib-1.6.1.tar.gz (24 kB)
  Preparing metadata (setup.py): started
  Preparing metadata (setup.py): finished with status 'done'
Collecting termcolor==1.1.0 (from super-gradients==3.7.1)
  Downloading termcolor-1.1.0.tar.gz (3.9 kB)
  Preparing metadata (setup.py): started
  Preparing metadata (setup.py): finished with status 'done'
Requirement already satisfied: packaging>=20.4 in d:\github\agrivision\venv-nas\lib\site-packages (from super-gradients==3.7.1) (26.3)
Requirement already satisfied: wheel>=0.38.0 in d:\github\agrivision\venv-nas\lib\site-packages (from super-gradients==3.7.1) (0.48.0)
Collecting pygments>=2.7.4 (from super-gradients==3.7.1)
  Downloading pygments-2.21.0-py3-none-any.whl.metadata (2.5 kB)
Collecting stringcase>=1.2.0 (from super-gradients==3.7.1)
  Downloading stringcase-1.2.0.tar.gz (3.0 kB)
  Preparing metadata (setup.py): started
  Preparing metadata (setup.py): finished with status 'done'
Collecting numpy<=1.23 (from super-gradients==3.7.1)
  Downloading numpy-1.23.0-cp310-cp310-win_amd64.whl.metadata (2.2 kB)
Collecting rapidfuzz (from super-gradients==3.7.1)
  Downloading rapidfuzz-3.14.5-cp310-cp310-win_amd64.whl.metadata (12 kB)
Collecting json-tricks==3.16.1 (from super-gradients==3.7.1)
  Downloading json_tricks-3.16.1-py2.py3-none-any.whl.metadata (17 kB)
Collecting onnxsim<1.0,>=0.4.3 (from super-gradients==3.7.1)
  Downloading onnxsim-0.7.3-cp310-cp310-win_amd64.whl.metadata (775 bytes)
Collecting data-gradients~=0.3.1 (from super-gradients==3.7.1)
  Downloading data_gradients-0.3.2-py3-none-any.whl.metadata (21 kB)
Collecting albumentations~=1.3 (from super-gradients==3.7.1)
  Downloading albumentations-1.4.24-py3-none-any.whl.metadata (37 kB)
Collecting fonttools>=4.43.0 (from super-gradients==3.7.1)
  Downloading fonttools-4.65.0-cp310-cp310-win_amd64.whl.metadata (127 kB)
     ---------------------------------------- 127.4/127.4 kB ? eta 0:00:00

Collecting werkzeug>=2.3.8 (from super-gradients==3.7.1)
  Downloading werkzeug-3.1.8-py3-none-any.whl.metadata (4.0 kB)
Collecting coloredlogs (from onnxruntime==1.15.0->super-gradients==3.7.1)
  Downloading coloredlogs-15.0.1-py2.py3-none-any.whl.metadata (12 kB)
Collecting flatbuffers (from onnxruntime==1.15.0->super-gradients==3.7.1)
  Downloading flatbuffers-25.12.19-py2.py3-none-any.whl.metadata (1.0 kB)
Requirement already satisfied: sympy in d:\github\agrivision\venv-nas\lib\site-packages (from onnxruntime==1.15.0->super-gradients==3.7.1) (1.13.1)
Collecting pyDeprecate==0.3.* (from torchmetrics==0.8->super-gradients==3.7.1)
  Downloading pyDeprecate-0.3.2-py3-none-any.whl.metadata (10 kB)
Collecting future (from treelib==1.6.1->super-gradients==3.7.1)
  Downloading future-1.0.0-py3-none-any.whl.metadata (4.0 kB)
INFO: pip is looking at multiple versions of albumentations to determine which version is compatible with other requirements. This could take a while.
Collecting albumentations~=1.3 (from super-gradients==3.7.1)
  Downloading albumentations-1.4.23-py3-none-any.whl.metadata (36 kB)
  Downloading albumentations-1.4.22-py3-none-any.whl.metadata (33 kB)
  Downloading albumentations-1.4.21-py3-none-any.whl.metadata (31 kB)
  Downloading albumentations-1.4.20-py3-none-any.whl.metadata (32 kB)
  Downloading albumentations-1.4.19-py3-none-any.whl.metadata (32 kB)
  Downloading albumentations-1.4.18-py3-none-any.whl.metadata (32 kB)
  Downloading albumentations-1.4.17-py3-none-any.whl.metadata (38 kB)
INFO: pip is still looking at multiple versions of albumentations to determine which version is compatible with other requirements. This could take a while.
  Downloading albumentations-1.4.16-py3-none-any.whl.metadata (38 kB)
  Downloading albumentations-1.4.15-py3-none-any.whl.metadata (38 kB)
  Downloading albumentations-1.4.14-py3-none-any.whl.metadata (38 kB)
  Downloading albumentations-1.4.13-py3-none-any.whl.metadata (38 kB)
  Downloading albumentations-1.4.12-py3-none-any.whl.metadata (38 kB)
INFO: This is taking longer than usual. You might need to provide the dependency resolver with stricter constraints to reduce runtime. See https://pip.pypa.io/warnings/backtracking for guidance. If you want to abort this run, press Ctrl + C.
  Downloading albumentations-1.4.11-py3-none-any.whl.metadata (39 kB)
  Downloading albumentations-1.4.10-py3-none-any.whl.metadata (38 kB)
  Downloading albumentations-1.4.8-py3-none-any.whl.metadata (37 kB)
  Downloading albumentations-1.4.7-py3-none-any.whl.metadata (37 kB)
  Downloading albumentations-1.4.6-py3-none-any.whl.metadata (37 kB)
  Downloading albumentations-1.4.4-py3-none-any.whl.metadata (37 kB)
  Downloading albumentations-1.4.3-py3-none-any.whl.metadata (37 kB)
  Downloading albumentations-1.4.2-py3-none-any.whl.metadata (36 kB)
  Downloading albumentations-1.4.1-py3-none-any.whl.metadata (36 kB)
  Downloading albumentations-1.4.0-py3-none-any.whl.metadata (35 kB)
  Downloading albumentations-1.3.1-py3-none-any.whl.metadata (34 kB)
Collecting scikit-image>=0.16.1 (from albumentations~=1.3->super-gradients==3.7.1)
  Downloading scikit_image-0.25.2-cp310-cp310-win_amd64.whl.metadata (14 kB)
Collecting PyYAML (from albumentations~=1.3->super-gradients==3.7.1)
  Downloading pyyaml-6.0.3-cp310-cp310-win_amd64.whl.metadata (2.4 kB)
Collecting qudida>=0.0.4 (from albumentations~=1.3->super-gradients==3.7.1)
  Downloading qudida-0.0.4-py3-none-any.whl.metadata (1.5 kB)
Collecting opencv-python-headless>=4.1.1 (from albumentations~=1.3->super-gradients==3.7.1)
  Downloading opencv_python_headless-5.0.0.93-cp37-abi3-win_amd64.whl.metadata (20 kB)
Collecting botocore<1.44.0,>=1.43.93 (from boto3>=1.17.15->super-gradients==3.7.1)
  Downloading botocore-1.43.93-py3-none-any.whl.metadata (5.6 kB)
Collecting jmespath<2.0.0,>=0.7.1 (from boto3>=1.17.15->super-gradients==3.7.1)
  Using cached jmespath-1.1.0-py3-none-any.whl.metadata (7.6 kB)
Collecting s3transfer<0.20.0,>=0.19.0 (from boto3>=1.17.15->super-gradients==3.7.1)
  Downloading s3transfer-0.19.2-py3-none-any.whl.metadata (1.7 kB)
Collecting platformdirs>=2.5.2 (from data-gradients~=0.3.1->super-gradients==3.7.1)
  Downloading platformdirs-4.11.8-py3-none-any.whl.metadata (5.5 kB)
Collecting opencv-python (from data-gradients~=0.3.1->super-gradients==3.7.1)
  Downloading opencv_python-5.0.0.93-cp37-abi3-win_amd64.whl.metadata (20 kB)
Collecting seaborn (from data-gradients~=0.3.1->super-gradients==3.7.1)
  Downloading seaborn-0.13.2-py3-none-any.whl.metadata (5.4 kB)
Collecting xhtml2pdf==0.2.11 (from data-gradients~=0.3.1->super-gradients==3.7.1)
  Downloading xhtml2pdf-0.2.11.tar.gz (108 kB)
     ---------------------------------------- 108.3/108.3 kB ? eta 0:00:00

  Preparing metadata (setup.py): started
  Preparing metadata (setup.py): finished with status 'done'
Requirement already satisfied: jinja2 in d:\github\agrivision\venv-nas\lib\site-packages (from data-gradients~=0.3.1->super-gradients==3.7.1) (3.1.6)
Collecting imagededup (from data-gradients~=0.3.1->super-gradients==3.7.1)
  Downloading imagededup-0.3.3.post2-cp310-cp310-win_amd64.whl.metadata (8.2 kB)
Collecting arabic-reshaper>=3.0.0 (from xhtml2pdf==0.2.11->data-gradients~=0.3.1->super-gradients==3.7.1)
  Downloading arabic_reshaper-3.0.1-py3-none-any.whl.metadata (13 kB)
Collecting html5lib>=1.0.1 (from xhtml2pdf==0.2.11->data-gradients~=0.3.1->super-gradients==3.7.1)
  Downloading html5lib-1.1-py2.py3-none-any.whl.metadata (16 kB)
Collecting pyHanko>=0.12.1 (from xhtml2pdf==0.2.11->data-gradients~=0.3.1->super-gradients==3.7.1)
  Downloading pyhanko-0.37.0-py3-none-any.whl.metadata (3.3 kB)
Collecting pyhanko-certvalidator>=0.19.5 (from xhtml2pdf==0.2.11->data-gradients~=0.3.1->super-gradients==3.7.1)
  Downloading pyhanko_certvalidator-0.32.1-py3-none-any.whl.metadata (5.0 kB)
Collecting pypdf>=3.1.0 (from xhtml2pdf==0.2.11->data-gradients~=0.3.1->super-gradients==3.7.1)
  Downloading pypdf-6.18.1-py3-none-any.whl.metadata (7.5 kB)
Collecting python-bidi>=0.4.2 (from xhtml2pdf==0.2.11->data-gradients~=0.3.1->super-gradients==3.7.1)
  Downloading python_bidi-0.6.11-cp310-cp310-win_amd64.whl.metadata (5.4 kB)
Collecting reportlab<4,>=3.5.53 (from xhtml2pdf==0.2.11->data-gradients~=0.3.1->super-gradients==3.7.1)
  Downloading reportlab-3.6.13-cp310-cp310-win_amd64.whl.metadata (1.2 kB)
Collecting svglib>=1.2.1 (from xhtml2pdf==0.2.11->data-gradients~=0.3.1->super-gradients==3.7.1)
  Downloading svglib-2.2.0-py3-none-any.whl.metadata (14 kB)
Collecting wrapt<3,>=1.10 (from Deprecated>=1.2.11->super-gradients==3.7.1)
  Downloading wrapt-2.4.1-cp310-cp310-win_amd64.whl.metadata (7.6 kB)
Collecting antlr4-python3-runtime==4.9.* (from hydra-core>=1.2.0->super-gradients==3.7.1)
  Downloading antlr4-python3-runtime-4.9.3.tar.gz (117 kB)
     --------------------------------------- 117.0/117.0 kB 7.1 MB/s eta 0:00:00

  Preparing metadata (setup.py): started
  Preparing metadata (setup.py): finished with status 'done'
Collecting attrs>=22.2.0 (from jsonschema>=3.2.0->super-gradients==3.7.1)
  Using cached attrs-26.1.0-py3-none-any.whl.metadata (8.8 kB)
Collecting jsonschema-specifications>=2023.03.6 (from jsonschema>=3.2.0->super-gradients==3.7.1)
  Using cached jsonschema_specifications-2025.9.1-py3-none-any.whl.metadata (2.9 kB)
Collecting referencing>=0.28.4 (from jsonschema>=3.2.0->super-gradients==3.7.1)
  Using cached referencing-0.37.0-py3-none-any.whl.metadata (2.8 kB)
Collecting rpds-py>=0.25.0 (from jsonschema>=3.2.0->super-gradients==3.7.1)
  Downloading rpds_py-0.30.0-cp310-cp310-win_amd64.whl.metadata (4.2 kB)
Collecting contourpy>=1.0.1 (from matplotlib>=3.3.4->super-gradients==3.7.1)
  Downloading contourpy-1.3.2-cp310-cp310-win_amd64.whl.metadata (5.5 kB)
Collecting cycler>=0.10 (from matplotlib>=3.3.4->super-gradients==3.7.1)
  Using cached cycler-0.12.1-py3-none-any.whl.metadata (3.8 kB)
Collecting kiwisolver>=1.3.1 (from matplotlib>=3.3.4->super-gradients==3.7.1)
  Downloading kiwisolver-1.5.1-cp310-cp310-win_amd64.whl.metadata (5.2 kB)
Collecting pyparsing>=3 (from matplotlib>=3.3.4->super-gradients==3.7.1)
  Using cached pyparsing-3.3.2-py3-none-any.whl.metadata (5.8 kB)
Collecting python-dateutil>=2.7 (from matplotlib>=3.3.4->super-gradients==3.7.1)
  Using cached python_dateutil-2.9.0.post0-py2.py3-none-any.whl.metadata (8.4 kB)
Collecting rich (from onnxsim<1.0,>=0.4.3->super-gradients==3.7.1)
  Using cached rich-15.0.0-py3-none-any.whl.metadata (18 kB)
Collecting build>=1.0.0 (from pip-tools>=6.12.1->super-gradients==3.7.1)
  Downloading build-1.6.1-py3-none-any.whl.metadata (5.6 kB)
Collecting click>=8 (from pip-tools>=6.12.1->super-gradients==3.7.1)
  Downloading click-8.5.0-py3-none-any.whl.metadata (2.6 kB)
Requirement already satisfied: pip>=22.2 in d:\github\agrivision\venv-nas\lib\site-packages (from pip-tools>=6.12.1->super-gradients==3.7.1) (24.0)
Collecting pyproject_hooks (from pip-tools>=6.12.1->super-gradients==3.7.1)
  Downloading pyproject_hooks-1.2.0-py3-none-any.whl.metadata (1.3 kB)
Requirement already satisfied: typing_extensions>=4.6.0 in d:\github\agrivision\venv-nas\lib\site-packages (from pip-tools>=6.12.1->super-gradients==3.7.1) (4.16.0)
Collecting tomli (from pip-tools>=6.12.1->super-gradients==3.7.1)
  Downloading tomli-2.4.1-py3-none-any.whl.metadata (10 kB)
INFO: pip is looking at multiple versions of scipy to determine which version is compatible with other requirements. This could take a while.
Collecting scipy>=1.6.1 (from super-gradients==3.7.1)
  Downloading scipy-1.15.2-cp310-cp310-win_amd64.whl.metadata (60 kB)
     ---------------------------------------- 60.8/60.8 kB ? eta 0:00:00

  Downloading scipy-1.15.1-cp310-cp310-win_amd64.whl.metadata (60 kB)
     ---------------------------------------- 60.8/60.8 kB ? eta 0:00:00

  Downloading scipy-1.15.0-cp310-cp310-win_amd64.whl.metadata (60 kB)
     ---------------------------------------- 60.8/60.8 kB 3.2 MB/s eta 0:00:00

  Downloading scipy-1.14.1-cp310-cp310-win_amd64.whl.metadata (60 kB)
     ---------------------------------------- 60.8/60.8 kB ? eta 0:00:00

  Downloading scipy-1.14.0-cp310-cp310-win_amd64.whl.metadata (60 kB)
     ---------------------------------------- 60.8/60.8 kB 3.4 MB/s eta 0:00:00

  Downloading scipy-1.13.1-cp310-cp310-win_amd64.whl.metadata (60 kB)
     ---------------------------------------- 60.6/60.6 kB 3.1 MB/s eta 0:00:00

Collecting sphinxcontrib-applehelp (from sphinx~=4.0.2->super-gradients==3.7.1)
  Downloading sphinxcontrib_applehelp-2.0.0-py3-none-any.whl.metadata (2.3 kB)
Collecting sphinxcontrib-devhelp (from sphinx~=4.0.2->super-gradients==3.7.1)
  Downloading sphinxcontrib_devhelp-2.0.0-py3-none-any.whl.metadata (2.3 kB)
Collecting sphinxcontrib-jsmath (from sphinx~=4.0.2->super-gradients==3.7.1)
  Downloading sphinxcontrib_jsmath-1.0.1-py2.py3-none-any.whl.metadata (1.4 kB)
Collecting sphinxcontrib-htmlhelp (from sphinx~=4.0.2->super-gradients==3.7.1)
  Downloading sphinxcontrib_htmlhelp-2.1.0-py3-none-any.whl.metadata (2.3 kB)
Collecting sphinxcontrib-serializinghtml (from sphinx~=4.0.2->super-gradients==3.7.1)
  Downloading sphinxcontrib_serializinghtml-2.0.0-py3-none-any.whl.metadata (2.4 kB)
Collecting sphinxcontrib-qthelp (from sphinx~=4.0.2->super-gradients==3.7.1)
  Downloading sphinxcontrib_qthelp-2.0.0-py3-none-any.whl.metadata (2.3 kB)
Collecting docutils<0.18,>=0.14 (from sphinx~=4.0.2->super-gradients==3.7.1)
  Downloading docutils-0.17.1-py2.py3-none-any.whl.metadata (2.9 kB)
Collecting snowballstemmer>=1.1 (from sphinx~=4.0.2->super-gradients==3.7.1)
  Downloading snowballstemmer-3.1.1-py3-none-any.whl.metadata (7.9 kB)
Collecting babel>=1.3 (from sphinx~=4.0.2->super-gradients==3.7.1)
  Using cached babel-2.18.0-py3-none-any.whl.metadata (2.2 kB)
Collecting alabaster<0.8,>=0.7 (from sphinx~=4.0.2->super-gradients==3.7.1)
  Downloading alabaster-0.7.16-py3-none-any.whl.metadata (2.9 kB)
Collecting imagesize (from sphinx~=4.0.2->super-gradients==3.7.1)
  Downloading imagesize-2.0.1-py3-none-any.whl.metadata (7.0 kB)
Collecting requests>=2.5.0 (from sphinx~=4.0.2->super-gradients==3.7.1)
  Downloading requests-2.34.2-py3-none-any.whl.metadata (4.8 kB)
Collecting colorama>=0.3.5 (from sphinx~=4.0.2->super-gradients==3.7.1)
  Using cached colorama-0.4.6-py2.py3-none-any.whl.metadata (17 kB)
Collecting absl-py>=0.4 (from tensorboard>=2.4.1->super-gradients==3.7.1)
  Downloading absl_py-2.5.0-py3-none-any.whl.metadata (3.3 kB)
Collecting grpcio<2.0,>=1.74.0 (from tensorboard>=2.4.1->super-gradients==3.7.1)
  Downloading grpcio-1.84.0-cp310-cp310-win_amd64.whl.metadata (3.9 kB)
Collecting markdown>=2.6.8 (from tensorboard>=2.4.1->super-gradients==3.7.1)
  Downloading markdown-3.10.3-py3-none-any.whl.metadata (5.1 kB)
INFO: pip is looking at multiple versions of tensorboard to determine which version is compatible with other requirements. This could take a while.
Collecting tensorboard>=2.4.1 (from super-gradients==3.7.1)
  Downloading tensorboard-2.20.0-py3-none-any.whl.metadata (1.8 kB)
Collecting tensorboard-data-server<0.8.0,>=0.7.0 (from tensorboard>=2.4.1->super-gradients==3.7.1)
  Downloading tensorboard_data_server-0.7.2-py3-none-any.whl.metadata (1.1 kB)
Requirement already satisfied: filelock in d:\github\agrivision\venv-nas\lib\site-packages (from torch>=1.9.0->super-gradients==3.7.1) (3.32.3)
Requirement already satisfied: networkx in d:\github\agrivision\venv-nas\lib\site-packages (from torch>=1.9.0->super-gradients==3.7.1) (3.4.2)
Requirement already satisfied: fsspec in d:\github\agrivision\venv-nas\lib\site-packages (from torch>=1.9.0->super-gradients==3.7.1) (2026.7.0)
Requirement already satisfied: mpmath<1.4,>=1.1.0 in d:\github\agrivision\venv-nas\lib\site-packages (from sympy->onnxruntime==1.15.0->super-gradients==3.7.1) (1.3.0)
Requirement already satisfied: markupsafe>=2.1.1 in d:\github\agrivision\venv-nas\lib\site-packages (from werkzeug>=2.3.8->super-gradients==3.7.1) (3.0.3)
INFO: pip is looking at multiple versions of sphinx-rtd-theme to determine which version is compatible with other requirements. This could take a while.
Collecting sphinx-rtd-theme (from super-gradients==3.7.1)
  Downloading sphinx_rtd_theme-3.0.2-py2.py3-none-any.whl.metadata (4.4 kB)
  Downloading sphinx_rtd_theme-3.0.1-py2.py3-none-any.whl.metadata (4.4 kB)
  Downloading sphinx_rtd_theme-3.0.0-py2.py3-none-any.whl.metadata (4.4 kB)
  Downloading sphinx_rtd_theme-2.0.0-py2.py3-none-any.whl.metadata (4.4 kB)
  Downloading sphinx_rtd_theme-1.3.0-py2.py3-none-any.whl.metadata (4.5 kB)
Collecting sphinxcontrib-jquery<5,>=4 (from sphinx-rtd-theme->super-gradients==3.7.1)
  Downloading sphinxcontrib_jquery-4.1-py2.py3-none-any.whl.metadata (2.6 kB)
Collecting urllib3!=2.2.0,<3,>=1.25.4 (from botocore<1.44.0,>=1.43.93->boto3>=1.17.15->super-gradients==3.7.1)
  Using cached urllib3-2.7.0-py3-none-any.whl.metadata (6.9 kB)
INFO: pip is looking at multiple versions of opencv-python-headless to determine which version is compatible with other requirements. This could take a while.
Collecting opencv-python-headless>=4.1.1 (from albumentations~=1.3->super-gradients==3.7.1)
  Downloading opencv_python_headless-4.14.0.94-cp37-abi3-win_amd64.whl.metadata (20 kB)
  Using cached opencv_python_headless-4.13.0.92-cp37-abi3-win_amd64.whl.metadata (20 kB)
  Downloading opencv_python_headless-4.13.0.90-cp37-abi3-win_amd64.whl.metadata (20 kB)
  Downloading opencv_python_headless-4.12.0.88-cp37-abi3-win_amd64.whl.metadata (20 kB)
  Downloading opencv_python_headless-4.11.0.86-cp37-abi3-win_amd64.whl.metadata (20 kB)
Collecting six>=1.5 (from python-dateutil>=2.7->matplotlib>=3.3.4->super-gradients==3.7.1)
  Using cached six-1.17.0-py2.py3-none-any.whl.metadata (1.7 kB)
Collecting scikit-learn>=0.19.1 (from qudida>=0.0.4->albumentations~=1.3->super-gradients==3.7.1)
  Downloading scikit_learn-1.7.2-cp310-cp310-win_amd64.whl.metadata (11 kB)
Collecting charset_normalizer<4,>=2 (from requests>=2.5.0->sphinx~=4.0.2->super-gradients==3.7.1)
  Downloading charset_normalizer-3.5.1-cp310-cp310-win_amd64.whl.metadata (46 kB)
     ---------------------------------------- 46.7/46.7 kB 2.3 MB/s eta 0:00:00

Collecting idna<4,>=2.5 (from requests>=2.5.0->sphinx~=4.0.2->super-gradients==3.7.1)
  Downloading idna-3.19-py3-none-any.whl.metadata (9.2 kB)
Collecting certifi>=2023.5.7 (from requests>=2.5.0->sphinx~=4.0.2->super-gradients==3.7.1)
  Downloading certifi-2026.7.22-py3-none-any.whl.metadata (2.5 kB)
INFO: pip is looking at multiple versions of scikit-image to determine which version is compatible with other requirements. This could take a while.
Collecting scikit-image>=0.16.1 (from albumentations~=1.3->super-gradients==3.7.1)
  Downloading scikit_image-0.25.1-cp310-cp310-win_amd64.whl.metadata (14 kB)
  Downloading scikit_image-0.25.0-cp310-cp310-win_amd64.whl.metadata (14 kB)
  Downloading scikit_image-0.24.0-cp310-cp310-win_amd64.whl.metadata (14 kB)
Collecting imageio>=2.33 (from scikit-image>=0.16.1->albumentations~=1.3->super-gradients==3.7.1)
  Downloading imageio-2.37.4-py3-none-any.whl.metadata (9.6 kB)
Collecting tifffile>=2022.8.12 (from scikit-image>=0.16.1->albumentations~=1.3->super-gradients==3.7.1)
  Downloading tifffile-2025.5.10-py3-none-any.whl.metadata (31 kB)
Collecting lazy-loader>=0.4 (from scikit-image>=0.16.1->albumentations~=1.3->super-gradients==3.7.1)
  Downloading lazy_loader-0.5-py3-none-any.whl.metadata (5.9 kB)
Collecting humanfriendly>=9.1 (from coloredlogs->onnxruntime==1.15.0->super-gradients==3.7.1)
  Downloading humanfriendly-10.0-py2.py3-none-any.whl.metadata (9.2 kB)
Collecting PyWavelets (from imagededup->data-gradients~=0.3.1->super-gradients==3.7.1)
  Downloading pywavelets-1.8.0-cp310-cp310-win_amd64.whl.metadata (9.0 kB)
INFO: pip is looking at multiple versions of opencv-python to determine which version is compatible with other requirements. This could take a while.
Collecting opencv-python (from data-gradients~=0.3.1->super-gradients==3.7.1)
  Downloading opencv_python-4.14.0.94-cp37-abi3-win_amd64.whl.metadata (20 kB)
  Using cached opencv_python-4.13.0.92-cp37-abi3-win_amd64.whl.metadata (20 kB)
  Downloading opencv_python-4.13.0.90-cp37-abi3-win_amd64.whl.metadata (20 kB)
  Downloading opencv_python-4.12.0.88-cp37-abi3-win_amd64.whl.metadata (19 kB)
  Downloading opencv_python-4.11.0.86-cp37-abi3-win_amd64.whl.metadata (20 kB)
Collecting markdown-it-py>=2.2.0 (from rich->onnxsim<1.0,>=0.4.3->super-gradients==3.7.1)
  Using cached markdown_it_py-4.2.0-py3-none-any.whl.metadata (7.4 kB)
Collecting pandas>=1.2 (from seaborn->data-gradients~=0.3.1->super-gradients==3.7.1)
  Downloading pandas-2.3.3-cp310-cp310-win_amd64.whl.metadata (19 kB)
Collecting webencodings (from html5lib>=1.0.1->xhtml2pdf==0.2.11->data-gradients~=0.3.1->super-gradients==3.7.1)
  Downloading webencodings-0.6.1-py3-none-any.whl.metadata (3.4 kB)
Collecting pyreadline3 (from humanfriendly>=9.1->coloredlogs->onnxruntime==1.15.0->super-gradients==3.7.1)
  Downloading pyreadline3-3.5.6-py3-none-any.whl.metadata (4.7 kB)
Collecting mdurl~=0.1 (from markdown-it-py>=2.2.0->rich->onnxsim<1.0,>=0.4.3->super-gradients==3.7.1)
  Using cached mdurl-0.1.2-py3-none-any.whl.metadata (1.6 kB)
Collecting pytz>=2020.1 (from pandas>=1.2->seaborn->data-gradients~=0.3.1->super-gradients==3.7.1)
  Downloading pytz-2026.3.post1-py2.py3-none-any.whl.metadata (22 kB)
Collecting tzdata>=2022.7 (from pandas>=1.2->seaborn->data-gradients~=0.3.1->super-gradients==3.7.1)
  Downloading tzdata-2026.4-py2.py3-none-any.whl.metadata (1.4 kB)
Collecting asn1crypto>=1.5.1 (from pyHanko>=0.12.1->xhtml2pdf==0.2.11->data-gradients~=0.3.1->super-gradients==3.7.1)
  Downloading asn1crypto-1.5.1-py2.py3-none-any.whl.metadata (13 kB)
Collecting tzlocal>=4.3 (from pyHanko>=0.12.1->xhtml2pdf==0.2.11->data-gradients~=0.3.1->super-gradients==3.7.1)
  Downloading tzlocal-5.4.4-py3-none-any.whl.metadata (7.7 kB)
Collecting aiohttp<3.15,>=3.9 (from pyHanko>=0.12.1->xhtml2pdf==0.2.11->data-gradients~=0.3.1->super-gradients==3.7.1)
  Downloading aiohttp-3.14.3-cp310-cp310-win_amd64.whl.metadata (8.5 kB)
Collecting cryptography>=48.0.0 (from pyHanko>=0.12.1->xhtml2pdf==0.2.11->data-gradients~=0.3.1->super-gradients==3.7.1)
  Downloading cryptography-50.0.1-cp39-abi3-win_amd64.whl.metadata (4.3 kB)
Collecting lxml>=5.4.0 (from pyHanko>=0.12.1->xhtml2pdf==0.2.11->data-gradients~=0.3.1->super-gradients==3.7.1)
  Downloading lxml-6.1.3-cp310-cp310-win_amd64.whl.metadata (3.4 kB)
Collecting oscrypto>=1.1.0 (from pyhanko-certvalidator>=0.19.5->xhtml2pdf==0.2.11->data-gradients~=0.3.1->super-gradients==3.7.1)
  Downloading oscrypto-1.3.0-py2.py3-none-any.whl.metadata (15 kB)
Collecting uritools>=3.0.1 (from pyhanko-certvalidator>=0.19.5->xhtml2pdf==0.2.11->data-gradients~=0.3.1->super-gradients==3.7.1)
  Downloading uritools-6.1.3-py3-none-any.whl.metadata (5.1 kB)
Collecting joblib>=1.2.0 (from scikit-learn>=0.19.1->qudida>=0.0.4->albumentations~=1.3->super-gradients==3.7.1)
  Downloading joblib-1.6.0-py3-none-any.whl.metadata (6.5 kB)
Collecting threadpoolctl>=3.1.0 (from scikit-learn>=0.19.1->qudida>=0.0.4->albumentations~=1.3->super-gradients==3.7.1)
  Using cached threadpoolctl-3.6.0-py3-none-any.whl.metadata (13 kB)
Collecting cssselect2>=0.2.0 (from svglib>=1.2.1->xhtml2pdf==0.2.11->data-gradients~=0.3.1->super-gradients==3.7.1)
  Downloading cssselect2-0.10.1-py3-none-any.whl.metadata (2.9 kB)
INFO: pip is looking at multiple versions of svglib to determine which version is compatible with other requirements. This could take a while.
Collecting svglib>=1.2.1 (from xhtml2pdf==0.2.11->data-gradients~=0.3.1->super-gradients==3.7.1)
  Downloading svglib-2.1.0-py3-none-any.whl.metadata (14 kB)
  Downloading svglib-2.0.2-py3-none-any.whl.metadata (13 kB)
  Downloading svglib-1.6.0-py3-none-any.whl.metadata (11 kB)
  Downloading svglib-1.5.1.tar.gz (913 kB)
     --------------------------------------- 913.9/913.9 kB 8.2 MB/s eta 0:00:00

  Preparing metadata (setup.py): started
  Preparing metadata (setup.py): finished with status 'done'
Collecting tinycss2>=0.6.0 (from svglib>=1.2.1->xhtml2pdf==0.2.11->data-gradients~=0.3.1->super-gradients==3.7.1)
  Downloading tinycss2-1.5.1-py3-none-any.whl.metadata (3.0 kB)
Collecting aiohappyeyeballs>=2.5.0 (from aiohttp<3.15,>=3.9->pyHanko>=0.12.1->xhtml2pdf==0.2.11->data-gradients~=0.3.1->super-gradients==3.7.1)
  Downloading aiohappyeyeballs-2.7.1-py3-none-any.whl.metadata (5.9 kB)
Collecting aiosignal>=1.4.0 (from aiohttp<3.15,>=3.9->pyHanko>=0.12.1->xhtml2pdf==0.2.11->data-gradients~=0.3.1->super-gradients==3.7.1)
  Downloading aiosignal-1.4.0-py3-none-any.whl.metadata (3.7 kB)
Collecting async-timeout<6.0,>=4.0 (from aiohttp<3.15,>=3.9->pyHanko>=0.12.1->xhtml2pdf==0.2.11->data-gradients~=0.3.1->super-gradients==3.7.1)
  Downloading async_timeout-5.0.1-py3-none-any.whl.metadata (5.1 kB)
Collecting frozenlist>=1.1.1 (from aiohttp<3.15,>=3.9->pyHanko>=0.12.1->xhtml2pdf==0.2.11->data-gradients~=0.3.1->super-gradients==3.7.1)
  Downloading frozenlist-1.8.0-cp310-cp310-win_amd64.whl.metadata (21 kB)
Collecting multidict<7.0,>=4.5 (from aiohttp<3.15,>=3.9->pyHanko>=0.12.1->xhtml2pdf==0.2.11->data-gradients~=0.3.1->super-gradients==3.7.1)
  Downloading multidict-6.8.0-cp310-cp310-win_amd64.whl.metadata (5.4 kB)
Collecting propcache>=0.2.0 (from aiohttp<3.15,>=3.9->pyHanko>=0.12.1->xhtml2pdf==0.2.11->data-gradients~=0.3.1->super-gradients==3.7.1)
  Downloading propcache-0.5.2-cp310-cp310-win_amd64.whl.metadata (17 kB)
Collecting yarl<2.0,>=1.17.0 (from aiohttp<3.15,>=3.9->pyHanko>=0.12.1->xhtml2pdf==0.2.11->data-gradients~=0.3.1->super-gradients==3.7.1)
  Downloading yarl-1.24.5-cp310-cp310-win_amd64.whl.metadata (107 kB)
     ---------------------------------------- 107.2/107.2 kB ? eta 0:00:00

Collecting cffi>=2.0.0 (from cryptography>=48.0.0->pyHanko>=0.12.1->xhtml2pdf==0.2.11->data-gradients~=0.3.1->super-gradients==3.7.1)
  Downloading cffi-2.1.1-cp310-cp310-win_amd64.whl.metadata (2.6 kB)
Collecting cloudpickle>=3.0 (from joblib>=1.2.0->scikit-learn>=0.19.1->qudida>=0.0.4->albumentations~=1.3->super-gradients==3.7.1)
  Downloading cloudpickle-3.1.2-py3-none-any.whl.metadata (7.1 kB)
Collecting pycparser (from cffi>=2.0.0->cryptography>=48.0.0->pyHanko>=0.12.1->xhtml2pdf==0.2.11->data-gradients~=0.3.1->super-gradients==3.7.1)
  Using cached pycparser-3.0-py3-none-any.whl.metadata (8.2 kB)
Downloading super_gradients-3.7.1-py3-none-any.whl (12.1 MB)
   ---------------------------------------- 12.1/12.1 MB 13.9 MB/s eta 0:00:00

Downloading einops-0.3.2-py3-none-any.whl (25 kB)
Downloading json_tricks-3.16.1-py2.py3-none-any.whl (27 kB)
Downloading onnx-1.15.0-cp310-cp310-win_amd64.whl (14.3 MB)
   ---------------------------------------- 14.3/14.3 MB 12.3 MB/s eta 0:00:00

Downloading onnxruntime-1.15.0-cp310-cp310-win_amd64.whl (6.7 MB)
   ---------------------------------------- 6.7/6.7 MB 11.0 MB/s eta 0:00:00

Downloading protobuf-3.20.3-cp310-cp310-win_amd64.whl (904 kB)
   ---------------------------------------- 904.0/904.0 kB 9.5 MB/s eta 0:00:00

Downloading torchmetrics-0.8.0-py3-none-any.whl (408 kB)
   ---------------------------------------- 408.6/408.6 kB 12.9 MB/s eta 0:00:00

Downloading pyDeprecate-0.3.2-py3-none-any.whl (10 kB)
Downloading albumentations-1.3.1-py3-none-any.whl (125 kB)
   ---------------------------------------- 125.7/125.7 kB ? eta 0:00:00

Downloading boto3-1.43.93-py3-none-any.whl (140 kB)
   ---------------------------------------- 140.0/140.0 kB 8.1 MB/s eta 0:00:00

Downloading data_gradients-0.3.2-py3-none-any.whl (459 kB)
   ---------------------------------------- 459.5/459.5 kB 9.8 MB/s eta 0:00:00

Downloading deprecated-1.3.1-py2.py3-none-any.whl (11 kB)
Downloading fonttools-4.65.0-cp310-cp310-win_amd64.whl (1.6 MB)
   ---------------------------------------- 1.6/1.6 MB 9.4 MB/s eta 0:00:00

Downloading hydra_core-1.3.6-py3-none-any.whl (163 kB)
   ---------------------------------------- 163.1/163.1 kB 10.2 MB/s eta 0:00:00

Using cached jsonschema-4.26.0-py3-none-any.whl (90 kB)
Downloading matplotlib-3.10.9-cp310-cp310-win_amd64.whl (8.2 MB)
   ---------------------------------------- 8.2/8.2 MB 10.1 MB/s eta 0:00:00

Downloading numpy-1.23.0-cp310-cp310-win_amd64.whl (14.6 MB)
   ---------------------------------------- 14.6/14.6 MB 10.6 MB/s eta 0:00:00

Downloading omegaconf-2.3.1-py3-none-any.whl (79 kB)
   ---------------------------------------- 79.5/79.5 kB ? eta 0:00:00

Downloading onnxsim-0.7.3-cp310-cp310-win_amd64.whl (3.4 MB)
   ---------------------------------------- 3.4/3.4 MB 11.0 MB/s eta 0:00:00

Downloading pip_tools-7.6.1-py3-none-any.whl (74 kB)
   ---------------------------------------- 74.7/74.7 kB 4.3 MB/s eta 0:00:00

Using cached psutil-7.2.2-cp37-abi3-win_amd64.whl (137 kB)
Downloading pygments-2.21.0-py3-none-any.whl (1.3 MB)
   ---------------------------------------- 1.3/1.3 MB 11.3 MB/s eta 0:00:00

Downloading scipy-1.13.1-cp310-cp310-win_amd64.whl (46.2 MB)
   ---------------------------------------- 46.2/46.2 MB 5.5 MB/s eta 0:00:00

Downloading Sphinx-4.0.3-py3-none-any.whl (2.9 MB)
   ---------------------------------------- 2.9/2.9 MB 6.2 MB/s eta 0:00:00

Downloading tensorboard-2.20.0-py3-none-any.whl (5.5 MB)
   ---------------------------------------- 5.5/5.5 MB 6.7 MB/s eta 0:00:00

Downloading tqdm-4.70.1-py3-none-any.whl (80 kB)
   ---------------------------------------- 80.2/80.2 kB 4.7 MB/s eta 0:00:00

Downloading werkzeug-3.1.8-py3-none-any.whl (226 kB)
   ---------------------------------------- 226.5/226.5 kB 7.0 MB/s eta 0:00:00

Downloading rapidfuzz-3.14.5-cp310-cp310-win_amd64.whl (1.5 MB)
   ---------------------------------------- 1.5/1.5 MB 6.5 MB/s eta 0:00:00

Downloading sphinx_rtd_theme-1.3.0-py2.py3-none-any.whl (2.8 MB)
   ---------------------------------------- 2.8/2.8 MB 6.9 MB/s eta 0:00:00

Downloading absl_py-2.5.0-py3-none-any.whl (137 kB)
   ---------------------------------------- 137.4/137.4 kB 7.9 MB/s eta 0:00:00

Downloading alabaster-0.7.16-py3-none-any.whl (13 kB)
Using cached attrs-26.1.0-py3-none-any.whl (67 kB)
Using cached babel-2.18.0-py3-none-any.whl (10.2 MB)
Downloading botocore-1.43.93-py3-none-any.whl (15.8 MB)
   ---------------------------------------- 15.8/15.8 MB 6.8 MB/s eta 0:00:00

Downloading build-1.6.1-py3-none-any.whl (31 kB)
Downloading click-8.5.0-py3-none-any.whl (125 kB)
   ---------------------------------------- 125.3/125.3 kB 7.2 MB/s eta 0:00:00

Using cached colorama-0.4.6-py2.py3-none-any.whl (25 kB)
Downloading contourpy-1.3.2-cp310-cp310-win_amd64.whl (221 kB)
   ---------------------------------------- 221.2/221.2 kB 6.8 MB/s eta 0:00:00

Using cached cycler-0.12.1-py3-none-any.whl (8.3 kB)
Downloading docutils-0.17.1-py2.py3-none-any.whl (575 kB)
   ---------------------------------------- 575.5/575.5 kB 7.2 MB/s eta 0:00:00

Downloading grpcio-1.84.0-cp310-cp310-win_amd64.whl (5.3 MB)
   ---------------------------------------- 5.3/5.3 MB 7.0 MB/s eta 0:00:00

Using cached jmespath-1.1.0-py3-none-any.whl (20 kB)
Using cached jsonschema_specifications-2025.9.1-py3-none-any.whl (18 kB)
Downloading kiwisolver-1.5.1-cp310-cp310-win_amd64.whl (70 kB)
   ---------------------------------------- 70.6/70.6 kB 4.0 MB/s eta 0:00:00

Downloading markdown-3.10.3-py3-none-any.whl (110 kB)
   ---------------------------------------- 110.8/110.8 kB 6.7 MB/s eta 0:00:00

Downloading opencv_python_headless-4.11.0.86-cp37-abi3-win_amd64.whl (39.4 MB)
   ---------------------------------------- 39.4/39.4 MB 6.2 MB/s eta 0:00:00

Downloading platformdirs-4.11.8-py3-none-any.whl (24 kB)
Using cached pyparsing-3.3.2-py3-none-any.whl (122 kB)
Using cached python_dateutil-2.9.0.post0-py2.py3-none-any.whl (229 kB)
Downloading pyyaml-6.0.3-cp310-cp310-win_amd64.whl (158 kB)
   ---------------------------------------- 158.6/158.6 kB 9.9 MB/s eta 0:00:00

Downloading qudida-0.0.4-py3-none-any.whl (3.5 kB)
Using cached referencing-0.37.0-py3-none-any.whl (26 kB)
Downloading requests-2.34.2-py3-none-any.whl (73 kB)
   ---------------------------------------- 73.1/73.1 kB 4.2 MB/s eta 0:00:00

Downloading rpds_py-0.30.0-cp310-cp310-win_amd64.whl (235 kB)
   ---------------------------------------- 235.8/235.8 kB 7.3 MB/s eta 0:00:00

Downloading s3transfer-0.19.2-py3-none-any.whl (90 kB)
   ---------------------------------------- 90.2/90.2 kB 5.3 MB/s eta 0:00:00

Downloading scikit_image-0.24.0-cp310-cp310-win_amd64.whl (12.9 MB)
   ---------------------------------------- 12.9/12.9 MB 6.1 MB/s eta 0:00:00

Downloading snowballstemmer-3.1.1-py3-none-any.whl (104 kB)
   ---------------------------------------- 104.2/104.2 kB 5.9 MB/s eta 0:00:00

Downloading sphinxcontrib_jquery-4.1-py2.py3-none-any.whl (121 kB)
   ---------------------------------------- 121.1/121.1 kB 6.9 MB/s eta 0:00:00

Downloading tensorboard_data_server-0.7.2-py3-none-any.whl (2.4 kB)
Downloading tomli-2.4.1-py3-none-any.whl (14 kB)
Downloading wrapt-2.4.1-cp310-cp310-win_amd64.whl (98 kB)
   ---------------------------------------- 98.5/98.5 kB 5.5 MB/s eta 0:00:00

Downloading coloredlogs-15.0.1-py2.py3-none-any.whl (46 kB)
   ---------------------------------------- 46.0/46.0 kB ? eta 0:00:00

Downloading flatbuffers-25.12.19-py2.py3-none-any.whl (26 kB)
Downloading future-1.0.0-py3-none-any.whl (491 kB)
   ---------------------------------------- 491.3/491.3 kB 5.1 MB/s eta 0:00:00

Downloading imagededup-0.3.3.post2-cp310-cp310-win_amd64.whl (134 kB)
   ---------------------------------------- 134.5/134.5 kB 8.3 MB/s eta 0:00:00

Downloading imagesize-2.0.1-py3-none-any.whl (14 kB)
Downloading opencv_python-4.11.0.86-cp37-abi3-win_amd64.whl (39.5 MB)
   ---------------------------------------- 39.5/39.5 MB 6.7 MB/s eta 0:00:00

Downloading pyproject_hooks-1.2.0-py3-none-any.whl (10 kB)
Using cached rich-15.0.0-py3-none-any.whl (310 kB)
Downloading seaborn-0.13.2-py3-none-any.whl (294 kB)
   ---------------------------------------- 294.9/294.9 kB 8.9 MB/s eta 0:00:00

Downloading sphinxcontrib_applehelp-2.0.0-py3-none-any.whl (119 kB)
   ---------------------------------------- 119.3/119.3 kB 6.8 MB/s eta 0:00:00

Downloading sphinxcontrib_devhelp-2.0.0-py3-none-any.whl (82 kB)
   ---------------------------------------- 82.5/82.5 kB 4.5 MB/s eta 0:00:00

Downloading sphinxcontrib_htmlhelp-2.1.0-py3-none-any.whl (98 kB)
   ---------------------------------------- 98.7/98.7 kB ? eta 0:00:00

Downloading sphinxcontrib_jsmath-1.0.1-py2.py3-none-any.whl (5.1 kB)
Downloading sphinxcontrib_qthelp-2.0.0-py3-none-any.whl (88 kB)
   ---------------------------------------- 88.7/88.7 kB 4.9 MB/s eta 0:00:00

Downloading sphinxcontrib_serializinghtml-2.0.0-py3-none-any.whl (92 kB)
   ---------------------------------------- 92.1/92.1 kB 5.1 MB/s eta 0:00:00

Downloading arabic_reshaper-3.0.1-py3-none-any.whl (20 kB)
Downloading certifi-2026.7.22-py3-none-any.whl (136 kB)
   ---------------------------------------- 137.0/137.0 kB 7.9 MB/s eta 0:00:00

Downloading charset_normalizer-3.5.1-cp310-cp310-win_amd64.whl (206 kB)
   ---------------------------------------- 206.0/206.0 kB 12.2 MB/s eta 0:00:00

Downloading html5lib-1.1-py2.py3-none-any.whl (112 kB)
   ---------------------------------------- 112.2/112.2 kB 6.4 MB/s eta 0:00:00

Downloading humanfriendly-10.0-py2.py3-none-any.whl (86 kB)
   ---------------------------------------- 86.8/86.8 kB 4.8 MB/s eta 0:00:00

Downloading idna-3.19-py3-none-any.whl (68 kB)
   ---------------------------------------- 68.5/68.5 kB ? eta 0:00:00

Downloading imageio-2.37.4-py3-none-any.whl (318 kB)
   ---------------------------------------- 318.0/318.0 kB 6.5 MB/s eta 0:00:00

Downloading lazy_loader-0.5-py3-none-any.whl (8.0 kB)
Using cached markdown_it_py-4.2.0-py3-none-any.whl (91 kB)
Downloading pandas-2.3.3-cp310-cp310-win_amd64.whl (11.3 MB)
   ---------------------------------------- 11.3/11.3 MB 7.1 MB/s eta 0:00:00

Downloading pyhanko-0.37.0-py3-none-any.whl (477 kB)
   ---------------------------------------- 477.3/477.3 kB 7.4 MB/s eta 0:00:00

Downloading pyhanko_certvalidator-0.32.1-py3-none-any.whl (115 kB)
   ---------------------------------------- 115.7/115.7 kB 6.6 MB/s eta 0:00:00

Downloading pypdf-6.18.1-py3-none-any.whl (394 kB)
   ---------------------------------------- 394.3/394.3 kB 8.2 MB/s eta 0:00:00

Downloading python_bidi-0.6.11-cp310-cp310-win_amd64.whl (163 kB)
   ---------------------------------------- 163.1/163.1 kB 10.2 MB/s eta 0:00:00

Downloading reportlab-3.6.13-cp310-cp310-win_amd64.whl (2.3 MB)
   ---------------------------------------- 2.3/2.3 MB 5.0 MB/s eta 0:00:00

Downloading scikit_learn-1.7.2-cp310-cp310-win_amd64.whl (8.9 MB)
   ---------------------------------------- 8.9/8.9 MB 7.9 MB/s eta 0:00:00

Using cached six-1.17.0-py2.py3-none-any.whl (11 kB)
Downloading tifffile-2025.5.10-py3-none-any.whl (226 kB)
   ---------------------------------------- 226.5/226.5 kB 7.0 MB/s eta 0:00:00

Using cached urllib3-2.7.0-py3-none-any.whl (131 kB)
Downloading pywavelets-1.8.0-cp310-cp310-win_amd64.whl (4.2 MB)
   ---------------------------------------- 4.2/4.2 MB 8.2 MB/s eta 0:00:00

Downloading aiohttp-3.14.3-cp310-cp310-win_amd64.whl (480 kB)
   ---------------------------------------- 480.5/480.5 kB 10.0 MB/s eta 0:00:00

Downloading asn1crypto-1.5.1-py2.py3-none-any.whl (105 kB)
   ---------------------------------------- 105.0/105.0 kB 5.9 MB/s eta 0:00:00

Downloading cryptography-50.0.1-cp39-abi3-win_amd64.whl (3.9 MB)
   ---------------------------------------- 3.9/3.9 MB 9.2 MB/s eta 0:00:00

Downloading cssselect2-0.10.1-py3-none-any.whl (15 kB)
Downloading joblib-1.6.0-py3-none-any.whl (306 kB)
   ---------------------------------------- 306.1/306.1 kB 9.5 MB/s eta 0:00:00

Downloading lxml-6.1.3-cp310-cp310-win_amd64.whl (4.0 MB)
   ---------------------------------------- 4.0/4.0 MB 9.2 MB/s eta 0:00:00

Using cached mdurl-0.1.2-py3-none-any.whl (10.0 kB)
Downloading oscrypto-1.3.0-py2.py3-none-any.whl (194 kB)
   ---------------------------------------- 194.6/194.6 kB 11.5 MB/s eta 0:00:00

Downloading pytz-2026.3.post1-py2.py3-none-any.whl (508 kB)
   ---------------------------------------- 508.3/508.3 kB 10.6 MB/s eta 0:00:00

Using cached threadpoolctl-3.6.0-py3-none-any.whl (18 kB)
Downloading tinycss2-1.5.1-py3-none-any.whl (28 kB)
Downloading tzdata-2026.4-py2.py3-none-any.whl (347 kB)
   ---------------------------------------- 347.5/347.5 kB 10.9 MB/s eta 0:00:00

Downloading tzlocal-5.4.4-py3-none-any.whl (18 kB)
Downloading uritools-6.1.3-py3-none-any.whl (11 kB)
Downloading webencodings-0.6.1-py3-none-any.whl (8.7 kB)
Downloading pyreadline3-3.5.6-py3-none-any.whl (85 kB)
   ---------------------------------------- 85.2/85.2 kB ? eta 0:00:00

Downloading aiohappyeyeballs-2.7.1-py3-none-any.whl (15 kB)
Downloading aiosignal-1.4.0-py3-none-any.whl (7.5 kB)
Downloading async_timeout-5.0.1-py3-none-any.whl (6.2 kB)
Downloading cffi-2.1.1-cp310-cp310-win_amd64.whl (185 kB)
   ---------------------------------------- 185.1/185.1 kB 11.7 MB/s eta 0:00:00

Downloading cloudpickle-3.1.2-py3-none-any.whl (22 kB)
Downloading frozenlist-1.8.0-cp310-cp310-win_amd64.whl (43 kB)
   ---------------------------------------- 43.8/43.8 kB 2.1 MB/s eta 0:00:00

Downloading multidict-6.8.0-cp310-cp310-win_amd64.whl (51 kB)
   ---------------------------------------- 51.5/51.5 kB ? eta 0:00:00

Downloading propcache-0.5.2-cp310-cp310-win_amd64.whl (42 kB)
   ---------------------------------------- 42.2/42.2 kB ? eta 0:00:00

Downloading yarl-1.24.5-cp310-cp310-win_amd64.whl (97 kB)
   ---------------------------------------- 97.5/97.5 kB ? eta 0:00:00

Using cached pycparser-3.0-py3-none-any.whl (48 kB)
Building wheels for collected packages: termcolor, treelib, coverage, xhtml2pdf, antlr4-python3-runtime, stringcase, svglib
  Building wheel for termcolor (setup.py): started
  Building wheel for termcolor (setup.py): finished with status 'done'
  Created wheel for termcolor: filename=termcolor-1.1.0-py3-none-any.whl size=4855 sha256=d597870c961f35d1384c9992d29e1576609e3077a0054abde2ab6c7947173220
  Stored in directory: c:\users\dewey-byte\appdata\local\pip\cache\wheels\a1\49\46\1b13a65d8da11238af9616b00fdde6d45b0f95d9291bac8452
  Building wheel for treelib (setup.py): started
  Building wheel for treelib (setup.py): finished with status 'done'
  Created wheel for treelib: filename=treelib-1.6.1-py3-none-any.whl size=18377 sha256=6e29bb4ad8b024b9c636d0e422b8191883b7f587a0c64b5acb896dff39c24118
  Stored in directory: c:\users\dewey-byte\appdata\local\pip\cache\wheels\63\72\8b\76569b82bf280a03c4e294c3b29ee2398217186369c427ed4b
  Building wheel for coverage (setup.py): started
  Building wheel for coverage (setup.py): finished with status 'done'
  Created wheel for coverage: filename=coverage-5.3.1-py3-none-any.whl size=200603 sha256=0630d5fc182f295d87220ec92da60ffd4ad07feb0f03dd66f0532b834473b44c
  Stored in directory: c:\users\dewey-byte\appdata\local\pip\cache\wheels\e2\70\10\313be697f460d6024cfa94b7f0e22ffc1c53aab718fb4f42af
  Building wheel for xhtml2pdf (setup.py): started
  Building wheel for xhtml2pdf (setup.py): finished with status 'done'
  Created wheel for xhtml2pdf: filename=xhtml2pdf-0.2.11-py3-none-any.whl size=263019 sha256=a9625635b336a24cdc649fdacec7afc77579dcaaf2b104642ff6fd95612f9b8c
  Stored in directory: c:\users\dewey-byte\appdata\local\pip\cache\wheels\72\77\fb\e473c11c4e30a7680bf5b1b7f1d07ef04932184a2f39118e8d
  Building wheel for antlr4-python3-runtime (setup.py): started
  Building wheel for antlr4-python3-runtime (setup.py): finished with status 'done'
  Created wheel for antlr4-python3-runtime: filename=antlr4_python3_runtime-4.9.3-py3-none-any.whl size=144577 sha256=d114d5be418688f8611fec340d9d7942e361ddd7f37d6e3a813a3dda01f462ca
  Stored in directory: c:\users\dewey-byte\appdata\local\pip\cache\wheels\12\93\dd\1f6a127edc45659556564c5730f6d4e300888f4bca2d4c5a88
  Building wheel for stringcase (setup.py): started
  Building wheel for stringcase (setup.py): finished with status 'done'
  Created wheel for stringcase: filename=stringcase-1.2.0-py3-none-any.whl size=3580 sha256=f6c14873a4e09b8b4aa3ae72200267d5bbfaa2228d6d319b30219a2ab6d58acd
  Stored in directory: c:\users\dewey-byte\appdata\local\pip\cache\wheels\31\ba\22\1a2d952a9ce8aa86e42fda41e2c87fdaf20e238c88bf8df013
  Building wheel for svglib (setup.py): started
  Building wheel for svglib (setup.py): finished with status 'done'
  Created wheel for svglib: filename=svglib-1.5.1-py3-none-any.whl size=30972 sha256=a1a21d2bdda756662a026d62a5da32bab40bb06ed93193af4108e50483e020fb
  Stored in directory: c:\users\dewey-byte\appdata\local\pip\cache\wheels\56\9f\90\f37f4b9dbf82987a24ae14f15586e96715cb669a4710b3b85d
Successfully built termcolor treelib coverage xhtml2pdf antlr4-python3-runtime stringcase svglib
Installing collected packages: termcolor, stringcase, pytz, json-tricks, flatbuffers, einops, asn1crypto, antlr4-python3-runtime, wrapt, werkzeug, webencodings, urllib3, uritools, tzdata, tomli, threadpoolctl, tensorboard-data-server, sphinxcontrib-serializinghtml, sphinxcontrib-qthelp, sphinxcontrib-jsmath, sphinxcontrib-htmlhelp, sphinxcontrib-devhelp, sphinxcontrib-applehelp, snowballstemmer, six, rpds-py, reportlab, rapidfuzz, PyYAML, python-bidi, pyreadline3, pyproject_hooks, pypdf, pyparsing, pygments, pyDeprecate, pycparser, psutil, protobuf, propcache, platformdirs, oscrypto, numpy, multidict, mdurl, markdown, lxml, lazy-loader, kiwisolver, jmespath, imagesize, idna, grpcio, future, frozenlist, fonttools, docutils, cycler, coverage, colorama, cloudpickle, click, charset_normalizer, certifi, babel, attrs, async-timeout, arabic-reshaper, alabaster, aiohappyeyeballs, absl-py, yarl, tzlocal, treelib, tqdm, tinycss2, tifffile, tensorboard, scipy, requests, referencing, PyWavelets, python-dateutil, opencv-python-headless, opencv-python, onnx, omegaconf, markdown-it-py, joblib, imageio, humanfriendly, html5lib, Deprecated, contourpy, cffi, build, aiosignal, torchmetrics, sphinx, scikit-learn, scikit-image, rich, pip-tools, pandas, matplotlib, jsonschema-specifications, hydra-core, cssselect2, cryptography, coloredlogs, botocore, aiohttp, svglib, sphinxcontrib-jquery, seaborn, s3transfer, qudida, pyhanko-certvalidator, onnxsim, onnxruntime, jsonschema, imagededup, sphinx-rtd-theme, pyHanko, boto3, albumentations, xhtml2pdf, data-gradients, super-gradients
  Attempting uninstall: numpy
    Found existing installation: numpy 2.2.6
    Uninstalling numpy-2.2.6:
      Successfully uninstalled numpy-2.2.6
Successfully installed Deprecated-1.3.1 PyWavelets-1.8.0 PyYAML-6.0.3 absl-py-2.5.0 aiohappyeyeballs-2.7.1 aiohttp-3.14.3 aiosignal-1.4.0 alabaster-0.7.16 albumentations-1.3.1 antlr4-python3-runtime-4.9.3 arabic-reshaper-3.0.1 asn1crypto-1.5.1 async-timeout-5.0.1 attrs-26.1.0 babel-2.18.0 boto3-1.43.93 botocore-1.43.93 build-1.6.1 certifi-2026.7.22 cffi-2.1.1 charset_normalizer-3.5.1 click-8.5.0 cloudpickle-3.1.2 colorama-0.4.6 coloredlogs-15.0.1 contourpy-1.3.2 coverage-5.3.1 cryptography-50.0.1 cssselect2-0.10.1 cycler-0.12.1 data-gradients-0.3.2 docutils-0.17.1 einops-0.3.2 flatbuffers-25.12.19 fonttools-4.65.0 frozenlist-1.8.0 future-1.0.0 grpcio-1.84.0 html5lib-1.1 humanfriendly-10.0 hydra-core-1.3.6 idna-3.19 imagededup-0.3.3.post2 imageio-2.37.4 imagesize-2.0.1 jmespath-1.1.0 joblib-1.6.0 json-tricks-3.16.1 jsonschema-4.26.0 jsonschema-specifications-2025.9.1 kiwisolver-1.5.1 lazy-loader-0.5 lxml-6.1.3 markdown-3.10.3 markdown-it-py-4.2.0 matplotlib-3.10.9 mdurl-0.1.2 multidict-6.8.0 numpy-1.23.0 omegaconf-2.3.1 onnx-1.15.0 onnxruntime-1.15.0 onnxsim-0.7.3 opencv-python-4.11.0.86 opencv-python-headless-4.11.0.86 oscrypto-1.3.0 pandas-2.3.3 pip-tools-7.6.1 platformdirs-4.11.8 propcache-0.5.2 protobuf-3.20.3 psutil-7.2.2 pyDeprecate-0.3.2 pyHanko-0.37.0 pycparser-3.0 pygments-2.21.0 pyhanko-certvalidator-0.32.1 pyparsing-3.3.2 pypdf-6.18.1 pyproject_hooks-1.2.0 pyreadline3-3.5.6 python-bidi-0.6.11 python-dateutil-2.9.0.post0 pytz-2026.3.post1 qudida-0.0.4 rapidfuzz-3.14.5 referencing-0.37.0 reportlab-3.6.13 requests-2.34.2 rich-15.0.0 rpds-py-0.30.0 s3transfer-0.19.2 scikit-image-0.24.0 scikit-learn-1.7.2 scipy-1.13.1 seaborn-0.13.2 six-1.17.0 snowballstemmer-3.1.1 sphinx-4.0.3 sphinx-rtd-theme-1.3.0 sphinxcontrib-applehelp-2.0.0 sphinxcontrib-devhelp-2.0.0 sphinxcontrib-htmlhelp-2.1.0 sphinxcontrib-jquery-4.1 sphinxcontrib-jsmath-1.0.1 sphinxcontrib-qthelp-2.0.0 sphinxcontrib-serializinghtml-2.0.0 stringcase-1.2.0 super-gradients-3.7.1 svglib-1.5.1 tensorboard-2.20.0 tensorboard-data-server-0.7.2 termcolor-1.1.0 threadpoolctl-3.6.0 tifffile-2025.5.10 tinycss2-1.5.1 tomli-2.4.1 torchmetrics-0.8.0 tqdm-4.70.1 treelib-1.6.1 tzdata-2026.4 tzlocal-5.4.4 uritools-6.1.3 urllib3-2.7.0 webencodings-0.6.1 werkzeug-3.1.8 wrapt-2.4.1 xhtml2pdf-0.2.11 yarl-1.24.5

Verifying ...

venv-nas ready. Train with:
  .\venv-nas\Scripts\python.exe tools\train_yolo_nas.py --epochs 100
